error: abnormal termination: the program aborted execution
  --> tests/genmc/fail/simple/2w2w_weak.rs:LL:CC
   |
LL |             std::process::abort();
   |             ^^^^^^^^^^^^^^^^^^^^^ abnormal termination occurred here
   |
   = note: BACKTRACE:
   = note: inside `miri_start` at tests/genmc/fail/simple/2w2w_weak.rs:LL:CC

note: some details are omitted, run with `MIRIFLAGS=-Zmiri-backtrace=full` for a verbose backtrace

error: aborting due to 1 previous error

