[1, 1, 1, 1, 1]
[1, 1, 1, 0, 1]
[1, 1, 1, 0, 0]
[1, 1, 0, 1, 1]
[1, 1, 0, 0, 1]
[1, 1, 0, 0, 0]
[1, 0, 1, 1, 1]
[1, 0, 1, 0, 1]
[1, 0, 1, 0, 0]
[1, 0, 0, 1, 1]
[1, 0, 0, 0, 1]
[1, 0, 0, 0, 0]
[0, 1, 0, 0, 1]
[0, 1, 0, 0, 0]
[0, 1, 0, 0, 1]
[0, 1, 0, 0, 0]
[0, 1, 0, 0, 1]
[0, 1, 0, 0, 0]
[0, 1, 0, 0, 1]
[0, 1, 0, 0, 0]
[0, 0, 0, 0, 1]
[0, 0, 0, 0, 0]
[0, 0, 0, 0, 1]
[0, 0, 0, 0, 0]
[0, 0, 0, 0, 1]
[0, 0, 0, 0, 0]
[0, 0, 0, 0, 1]
[0, 0, 0, 0, 0]
(GenMC) Verification complete. No errors were detected.
Number of complete executions explored: 28
