error: Undefined Behavior: reading memory at ALLOC[0x8..0x9], but memory is uninitialized at [0x8..0x9], and this operation requires initialized memory
  --> tests/fail/uninit/padding-wide-ptr.rs:LL:CC
   |
LL |         let _val = *c.add(mem::size_of::<*const u8>());
   |                    ^^^^^^^^^^^^^^^^^^^^^^^^^^^^^^^^^^^ Undefined Behavior occurred here
   |
   = help: this indicates a bug in the program: it performed an invalid operation, and caused Undefined Behavior
   = help: see https://doc.rust-lang.org/nightly/reference/behavior-considered-undefined.html for further information
   = note: BACKTRACE:
   = note: inside `main` at tests/fail/uninit/padding-wide-ptr.rs:LL:CC

Uninitialized memory occurred at ALLOC[0x8..0x9], in this allocation:
ALLOC (stack variable, size: 16, align: 8) {
    00 00 00 00 00 00 00 00 __ __ __ __ __ __ __ __ │ ........░░░░░░░░
}

note: some details are omitted, run with `MIRIFLAGS=-Zmiri-backtrace=full` for a verbose backtrace

error: aborting due to 1 previous error

