error: Undefined Behavior: reading memory at ALLOC[0x9..0xa], but memory is uninitialized at [0x9..0xa], and this operation requires initialized memory
  --> tests/fail/uninit/transmute-pair-uninit.rs:LL:CC
   |
LL |     let v = unsafe { *z.offset(first_undef) };
   |                      ^^^^^^^^^^^^^^^^^^^^^^ Undefined Behavior occurred here
   |
   = help: this indicates a bug in the program: it performed an invalid operation, and caused Undefined Behavior
   = help: see https://doc.rust-lang.org/nightly/reference/behavior-considered-undefined.html for further information
   = note: BACKTRACE:
   = note: inside `main` at tests/fail/uninit/transmute-pair-uninit.rs:LL:CC

Uninitialized memory occurred at ALLOC[0x9..0xa], in this allocation:
ALLOC (stack variable, size: 16, align: 8) {
    00 00 00 00 00 00 00 00 00 __ __ __ __ __ __ __ │ .........░░░░░░░
}

note: some details are omitted, run with `MIRIFLAGS=-Zmiri-backtrace=full` for a verbose backtrace

error: aborting due to 1 previous error

