error: Undefined Behavior: attempting a read access using <wildcard> at ALLOC[0x0], but no exposed tags have suitable permission in the borrow stack for this location
  --> tests/native-lib/fail/multi_struct_alloc.rs:LL:CC
   |
LL | ...al = *std::ptr::with_exposed_provenance::<u8>(structs[0].ptr.addr());
   |         ^^^^^^^^^^^^^^^^^^^^^^^^^^^^^^^^^^^^^^^^^^^^^^^^^^^^^^^^^^^^^^^ this error occurs as part of an access at ALLOC[0x0..0x1]
   |
   = help: this indicates a potential bug in the program: it performed an invalid operation, but the Stacked Borrows rules it violated are still experimental
   = help: see https://github.com/rust-lang/unsafe-code-guidelines/blob/master/wip/stacked-borrows.md for further information
   = note: BACKTRACE:
   = note: inside `main` at tests/native-lib/fail/multi_struct_alloc.rs:LL:CC

note: some details are omitted, run with `MIRIFLAGS=-Zmiri-backtrace=full` for a verbose backtrace

error: aborting due to 1 previous error

