error: Undefined Behavior: reading memory at ALLOC[0x0..0x4], but memory is uninitialized at [0x0..0x4], and this operation requires initialized memory
  --> tests/fail-dep/concurrency/libc_pthread_rwlock_double_destroy.rs:LL:CC
   |
LL |         libc::pthread_rwlock_destroy(&mut lock);
   |         ^^^^^^^^^^^^^^^^^^^^^^^^^^^^^^^^^^^^^^^ Undefined Behavior occurred here
   |
   = help: this indicates a bug in the program: it performed an invalid operation, and caused Undefined Behavior
   = help: see https://doc.rust-lang.org/nightly/reference/behavior-considered-undefined.html for further information
   = note: BACKTRACE:
   = note: inside `main` at tests/fail-dep/concurrency/libc_pthread_rwlock_double_destroy.rs:LL:CC

Uninitialized memory occurred at ALLOC[0x0..0x4], in this allocation:
ALLOC (stack variable, size: 56, align: 8) {
    0x00 │ __ __ __ __ __ __ __ __ __ __ __ __ __ __ __ __ │ ░░░░░░░░░░░░░░░░
    0x10 │ __ __ __ __ __ __ __ __ __ __ __ __ __ __ __ __ │ ░░░░░░░░░░░░░░░░
    0x20 │ __ __ __ __ __ __ __ __ __ __ __ __ __ __ __ __ │ ░░░░░░░░░░░░░░░░
    0x30 │ __ __ __ __ __ __ __ __                         │ ░░░░░░░░
}

note: some details are omitted, run with `MIRIFLAGS=-Zmiri-backtrace=full` for a verbose backtrace

error: aborting due to 1 previous error

